<?xml version="1.0" encoding="utf-8"?><testsuites><testsuite errors="0" failures="0" hostname="serebryakovb-l" name="pytest" skipped="0" tests="1" time="2.815" timestamp="2020-01-13T12:09:39.159915"><testcase classname="tests.test_class" file="tests/test_class.py" line="4" name="test_first_test" time="2.716"><system-out>
Looking for [chromedriver 2.36 linux64] driver in cache 
File found in cache by path [/home/ITRANSITION.CORP/b.serebryakov/.wdm/drivers/chromedriver/2.36/linux64/chromedriver]
</system-out></testcase></testsuite></testsuites>